
Memory Configuration

Name             Origin             Length             Attributes
*default*        0x0000000000000000 0xffffffffffffffff

Linker script and memory map

Address of section .text set to 0x0
LOAD C:\Users\dirkm\AppData\Local\Temp\GameOfLife.elf.Qsn0wR.ltrans0.ltrans.o
LOAD C:\Users\dirkm\AppData\Local\Temp\ccMe6tSl.debug.temp.o
LOAD C:\Users\dirkm\AppData\Local\Temp\ccwXLQZ8.debug.temp.o
LOAD obj/gcc8_a_support.o
                [!provide]                        PROVIDE (__executable_start = SEGMENT_START ("text-segment", 0x80000000))
                0x0000000080000074                . = (SEGMENT_START ("text-segment", 0x80000000) + SIZEOF_HEADERS)

.interp
 *(.interp)

.note.gnu.build-id
 *(.note.gnu.build-id)

.hash
 *(.hash)

.gnu.hash
 *(.gnu.hash)

.dynsym
 *(.dynsym)

.dynstr
 *(.dynstr)

.gnu.version
 *(.gnu.version)

.gnu.version_d
 *(.gnu.version_d)

.gnu.version_r
 *(.gnu.version_r)

.rela.dyn       0x0000000080000074        0x0
 *(.rela.init)
 *(.rela.text .rela.text.* .rela.gnu.linkonce.t.*)
 *(.rela.fini)
 *(.rela.rodata .rela.rodata.* .rela.gnu.linkonce.r.*)
 *(.rela.data .rela.data.* .rela.gnu.linkonce.d.*)
 *(.rela.tdata .rela.tdata.* .rela.gnu.linkonce.td.*)
 *(.rela.tbss .rela.tbss.* .rela.gnu.linkonce.tb.*)
 *(.rela.ctors)
 *(.rela.dtors)
 *(.rela.got)
 *(.rela.bss .rela.bss.* .rela.gnu.linkonce.b.*)
                [!provide]                        PROVIDE (__rela_iplt_start = .)
 *(.rela.iplt)
                [!provide]                        PROVIDE (__rela_iplt_end = .)

.rela.plt
 *(.rela.plt)

.init
 *(SORT_NONE(.init))

.plt
 *(.plt)

.iplt
 *(.iplt)

.text           0x0000000000000000     0x1864
 *(.text.unlikely .text.*_unlikely .text.unlikely.*)
 .text.unlikely
                0x0000000000000000       0x74 C:\Users\dirkm\AppData\Local\Temp\GameOfLife.elf.Qsn0wR.ltrans0.ltrans.o
                0x0000000000000000                _start
 *(.text.exit .text.exit.*)
 *(.text.startup .text.startup.*)
 .text.startup  0x0000000000000074      0xe66 C:\Users\dirkm\AppData\Local\Temp\GameOfLife.elf.Qsn0wR.ltrans0.ltrans.o
                0x0000000000000074                main
 *(.text.hot .text.hot.*)
 *(SORT_BY_NAME(.text.sorted.*))
 *(.text .stub .text.* .gnu.linkonce.t.*)
 *fill*         0x0000000000000eda        0x2 4e714e71
 .text          0x0000000000000edc      0x87a C:\Users\dirkm\AppData\Local\Temp\GameOfLife.elf.Qsn0wR.ltrans0.ltrans.o
                0x0000000000001530                strlen
                0x0000000000001544                memset
                0x0000000000001612                memcpy
                0x000000000000169e                memmove
 *fill*         0x0000000000001756        0x2 4e714e71
 .text          0x0000000000001758      0x10c obj/gcc8_a_support.o
                0x0000000000001758                __mulsi3
                0x000000000000177a                __udivsi3
                0x00000000000017d6                __divsi3
                0x0000000000001800                __modsi3
                0x0000000000001828                __umodsi3
                0x0000000000001852                KPutCharX
                0x0000000000001860                PutChar
 *(.gnu.warning)

.fini
 *(SORT_NONE(.fini))
                [!provide]                        PROVIDE (__etext = .)
                [!provide]                        PROVIDE (_etext = .)
                [!provide]                        PROVIDE (etext = .)

.rodata         0x0000000000001864      0x14e
 *(.rodata .rodata.* .gnu.linkonce.r.*)
 .rodata        0x0000000000001864      0x14e C:\Users\dirkm\AppData\Local\Temp\GameOfLife.elf.Qsn0wR.ltrans0.ltrans.o

.rodata1
 *(.rodata1)

.eh_frame_hdr
 *(.eh_frame_hdr)
 *(.eh_frame_entry .eh_frame_entry.*)

.eh_frame
 *(.eh_frame)
 *(.eh_frame.*)

.gcc_except_table
 *(.gcc_except_table .gcc_except_table.*)

.gnu_extab
 *(.gnu_extab*)

.exception_ranges
 *(.exception_ranges*)
                0x00000000000039b2                . = DATA_SEGMENT_ALIGN (CONSTANT (MAXPAGESIZE), CONSTANT (COMMONPAGESIZE))

.eh_frame
 *(.eh_frame)
 *(.eh_frame.*)

.gnu_extab
 *(.gnu_extab)

.gcc_except_table
 *(.gcc_except_table .gcc_except_table.*)

.exception_ranges
 *(.exception_ranges*)

.tdata          0x00000000000039b2        0x0
                [!provide]                        PROVIDE (__tdata_start = .)
 *(.tdata .tdata.* .gnu.linkonce.td.*)

.tbss
 *(.tbss .tbss.* .gnu.linkonce.tb.*)
 *(.tcommon)

.preinit_array  0x00000000000039b2        0x0
                0x00000000000039b2                PROVIDE (__preinit_array_start = .)
 *(.preinit_array)
                0x00000000000039b2                PROVIDE (__preinit_array_end = .)

.init_array     0x00000000000039b2        0x0
                0x00000000000039b2                PROVIDE (__init_array_start = .)
 *(SORT_BY_INIT_PRIORITY(.init_array.*) SORT_BY_INIT_PRIORITY(.ctors.*))
 *(.init_array EXCLUDE_FILE(*crtend?.o *crtend.o *crtbegin?.o *crtbegin.o) .ctors)
                0x00000000000039b2                PROVIDE (__init_array_end = .)

.fini_array     0x00000000000039b2        0x0
                0x00000000000039b2                PROVIDE (__fini_array_start = .)
 *(SORT_BY_INIT_PRIORITY(.fini_array.*) SORT_BY_INIT_PRIORITY(.dtors.*))
 *(.fini_array EXCLUDE_FILE(*crtend?.o *crtend.o *crtbegin?.o *crtbegin.o) .dtors)
                0x00000000000039b2                PROVIDE (__fini_array_end = .)

.ctors
 *crtbegin.o(.ctors)
 *crtbegin?.o(.ctors)
 *(EXCLUDE_FILE(*crtend?.o *crtend.o) .ctors)
 *(SORT_BY_NAME(.ctors.*))
 *(.ctors)

.dtors
 *crtbegin.o(.dtors)
 *crtbegin?.o(.dtors)
 *(EXCLUDE_FILE(*crtend?.o *crtend.o) .dtors)
 *(SORT_BY_NAME(.dtors.*))
 *(.dtors)

.jcr
 *(.jcr)

.data.rel.ro
 *(.data.rel.ro.local* .gnu.linkonce.d.rel.ro.local.*)
 *(.data.rel.ro .data.rel.ro.* .gnu.linkonce.d.rel.ro.*)

.dynamic
 *(.dynamic)
                0x00000000000039b2                . = DATA_SEGMENT_RELRO_END (., 0x0)

.got
 *(.got.plt)
 *(.igot.plt)
 *(.got)
 *(.igot)

.data           0x00000000000039b4      0x20c
 *(.data .data.* .gnu.linkonce.d.*)
 .data          0x00000000000039b4      0x20a C:\Users\dirkm\AppData\Local\Temp\GameOfLife.elf.Qsn0wR.ltrans0.ltrans.o
 *fill*         0x0000000000003bbe        0x2 
 .data          0x0000000000003bc0        0x0 obj/gcc8_a_support.o

.data1
 *(.data1)
                0x0000000000003bc0                _edata = .
                [!provide]                        PROVIDE (edata = .)
                0x0000000000003bc0                . = .
                0x0000000000003bc0                __bss_start = .

.bss            0x0000000000003bc0       0xb8
 *(.dynbss)
 *(.bss .bss.* .gnu.linkonce.b.*)
 .bss           0x0000000000003bc0       0xb8 C:\Users\dirkm\AppData\Local\Temp\GameOfLife.elf.Qsn0wR.ltrans0.ltrans.o
 .bss           0x0000000000003c78        0x0 obj/gcc8_a_support.o
 *(COMMON)
                0x0000000000003c78                . = ALIGN ((. != 0x0)?0x4:0x1)
                0x0000000000003c78                . = ALIGN (0x4)
                0x0000000000003c78                . = SEGMENT_START ("ldata-segment", .)
                0x0000000000003c78                . = ALIGN (0x4)
                0x0000000000003c78                _end = .
                [!provide]                        PROVIDE (end = .)
                0x0000000000003c78                . = DATA_SEGMENT_END (.)

.stab
 *(.stab)

.stabstr
 *(.stabstr)

.stab.excl
 *(.stab.excl)

.stab.exclstr
 *(.stab.exclstr)

.stab.index
 *(.stab.index)

.stab.indexstr
 *(.stab.indexstr)

.comment        0x0000000000000000       0x12
 *(.comment)
 .comment       0x0000000000000000       0x12 C:\Users\dirkm\AppData\Local\Temp\GameOfLife.elf.Qsn0wR.ltrans0.ltrans.o
                                         0x13 (size before relaxing)
 .comment       0x0000000000000012       0x13 C:\Users\dirkm\AppData\Local\Temp\ccMe6tSl.debug.temp.o
 .comment       0x0000000000000012       0x13 C:\Users\dirkm\AppData\Local\Temp\ccwXLQZ8.debug.temp.o

.gnu.build.attributes
 *(.gnu.build.attributes .gnu.build.attributes.*)

.debug
 *(.debug)

.line
 *(.line)

.debug_srcinfo
 *(.debug_srcinfo)

.debug_sfnames
 *(.debug_sfnames)

.debug_aranges  0x0000000000000000       0x50
 *(.debug_aranges)
 .debug_aranges
                0x0000000000000000       0x30 C:\Users\dirkm\AppData\Local\Temp\GameOfLife.elf.Qsn0wR.ltrans0.ltrans.o
 .debug_aranges
                0x0000000000000030       0x20 obj/gcc8_a_support.o

.debug_pubnames
 *(.debug_pubnames)

.debug_info     0x0000000000000000     0xacca
 *(.debug_info .gnu.linkonce.wi.*)
 .debug_info    0x0000000000000000     0x2543 C:\Users\dirkm\AppData\Local\Temp\GameOfLife.elf.Qsn0wR.ltrans0.ltrans.o
 .debug_info    0x0000000000002543     0x7ebd C:\Users\dirkm\AppData\Local\Temp\ccMe6tSl.debug.temp.o
                0x0000000000002543                GameOfLife.c.82ee6d7b
 .debug_info    0x000000000000a400      0x8a4 C:\Users\dirkm\AppData\Local\Temp\ccwXLQZ8.debug.temp.o
                0x000000000000a400                gcc8_c_support.c.f2f34916
 .debug_info    0x000000000000aca4       0x26 obj/gcc8_a_support.o

.debug_abbrev   0x0000000000000000      0x592
 *(.debug_abbrev)
 .debug_abbrev  0x0000000000000000      0x196 C:\Users\dirkm\AppData\Local\Temp\GameOfLife.elf.Qsn0wR.ltrans0.ltrans.o
 .debug_abbrev  0x0000000000000196      0x282 C:\Users\dirkm\AppData\Local\Temp\ccMe6tSl.debug.temp.o
 .debug_abbrev  0x0000000000000418      0x166 C:\Users\dirkm\AppData\Local\Temp\ccwXLQZ8.debug.temp.o
 .debug_abbrev  0x000000000000057e       0x14 obj/gcc8_a_support.o

.debug_line     0x0000000000000000     0x39f9
 *(.debug_line .debug_line.* .debug_line_end)
 .debug_line    0x0000000000000000     0x3111 C:\Users\dirkm\AppData\Local\Temp\GameOfLife.elf.Qsn0wR.ltrans0.ltrans.o
 .debug_line    0x0000000000003111      0x6ae C:\Users\dirkm\AppData\Local\Temp\ccMe6tSl.debug.temp.o
 .debug_line    0x00000000000037bf      0x151 C:\Users\dirkm\AppData\Local\Temp\ccwXLQZ8.debug.temp.o
 .debug_line    0x0000000000003910       0xe9 obj/gcc8_a_support.o

.debug_frame    0x0000000000000000      0x4e0
 *(.debug_frame)
 .debug_frame   0x0000000000000000      0x41c C:\Users\dirkm\AppData\Local\Temp\GameOfLife.elf.Qsn0wR.ltrans0.ltrans.o
 .debug_frame   0x000000000000041c       0xc4 obj/gcc8_a_support.o

.debug_str      0x0000000000000000      0x4a0
 *(.debug_str)
 .debug_str     0x0000000000000000        0x9 C:\Users\dirkm\AppData\Local\Temp\GameOfLife.elf.Qsn0wR.ltrans0.ltrans.o
 .debug_str     0x0000000000000009      0x3b5 C:\Users\dirkm\AppData\Local\Temp\ccMe6tSl.debug.temp.o
 .debug_str     0x00000000000003be       0x5c C:\Users\dirkm\AppData\Local\Temp\ccwXLQZ8.debug.temp.o
 .debug_str     0x000000000000041a       0x86 obj/gcc8_a_support.o

.debug_loc      0x0000000000000000     0x2d0d
 *(.debug_loc)
 .debug_loc     0x0000000000000000     0x2d0d C:\Users\dirkm\AppData\Local\Temp\GameOfLife.elf.Qsn0wR.ltrans0.ltrans.o

.debug_macinfo
 *(.debug_macinfo)

.debug_weaknames
 *(.debug_weaknames)

.debug_funcnames
 *(.debug_funcnames)

.debug_typenames
 *(.debug_typenames)

.debug_varnames
 *(.debug_varnames)

.debug_pubtypes
 *(.debug_pubtypes)

.debug_ranges   0x0000000000000000      0x698
 *(.debug_ranges)
 .debug_ranges  0x0000000000000000      0x698 C:\Users\dirkm\AppData\Local\Temp\GameOfLife.elf.Qsn0wR.ltrans0.ltrans.o

.debug_macro
 *(.debug_macro)

.debug_addr
 *(.debug_addr)

.gnu.attributes
 *(.gnu.attributes)

/DISCARD/
 *(.note.GNU-stack)
 *(.gnu_debuglink)
 *(.gnu.lto_*)
OUTPUT(bin/GameOfLife.elf elf32-m68k)
