
Memory Configuration

Name             Origin             Length             Attributes
*default*        0x0000000000000000 0xffffffffffffffff

Linker script and memory map

Address of section .text set to 0x0
LOAD C:\Users\dirkm\AppData\Local\Temp\GameOfLife.elf.HpUIkk.ltrans0.ltrans.o
LOAD C:\Users\dirkm\AppData\Local\Temp\ccx9XO6L.debug.temp.o
LOAD C:\Users\dirkm\AppData\Local\Temp\ccQFsHG2.debug.temp.o
LOAD obj/gcc8_a_support.o
                [!provide]                        PROVIDE (__executable_start = SEGMENT_START ("text-segment", 0x80000000))
                0x0000000080000074                . = (SEGMENT_START ("text-segment", 0x80000000) + SIZEOF_HEADERS)

.interp
 *(.interp)

.note.gnu.build-id
 *(.note.gnu.build-id)

.hash
 *(.hash)

.gnu.hash
 *(.gnu.hash)

.dynsym
 *(.dynsym)

.dynstr
 *(.dynstr)

.gnu.version
 *(.gnu.version)

.gnu.version_d
 *(.gnu.version_d)

.gnu.version_r
 *(.gnu.version_r)

.rela.dyn       0x0000000080000074        0x0
 *(.rela.init)
 *(.rela.text .rela.text.* .rela.gnu.linkonce.t.*)
 *(.rela.fini)
 *(.rela.rodata .rela.rodata.* .rela.gnu.linkonce.r.*)
 *(.rela.data .rela.data.* .rela.gnu.linkonce.d.*)
 *(.rela.tdata .rela.tdata.* .rela.gnu.linkonce.td.*)
 *(.rela.tbss .rela.tbss.* .rela.gnu.linkonce.tb.*)
 *(.rela.ctors)
 *(.rela.dtors)
 *(.rela.got)
 *(.rela.bss .rela.bss.* .rela.gnu.linkonce.b.*)
                [!provide]                        PROVIDE (__rela_iplt_start = .)
 *(.rela.iplt)
                [!provide]                        PROVIDE (__rela_iplt_end = .)

.rela.plt
 *(.rela.plt)

.init
 *(SORT_NONE(.init))

.plt
 *(.plt)

.iplt
 *(.iplt)

.text           0x0000000000000000     0x1a6c
 *(.text.unlikely .text.*_unlikely .text.unlikely.*)
 .text.unlikely
                0x0000000000000000       0x74 C:\Users\dirkm\AppData\Local\Temp\GameOfLife.elf.HpUIkk.ltrans0.ltrans.o
                0x0000000000000000                _start
 *(.text.exit .text.exit.*)
 *(.text.startup .text.startup.*)
 .text.startup  0x0000000000000074     0x106e C:\Users\dirkm\AppData\Local\Temp\GameOfLife.elf.HpUIkk.ltrans0.ltrans.o
                0x0000000000000074                main
 *(.text.hot .text.hot.*)
 *(SORT_BY_NAME(.text.sorted.*))
 *(.text .stub .text.* .gnu.linkonce.t.*)
 *fill*         0x00000000000010e2        0x2 4e714e71
 .text          0x00000000000010e4      0x87a C:\Users\dirkm\AppData\Local\Temp\GameOfLife.elf.HpUIkk.ltrans0.ltrans.o
                0x0000000000001738                strlen
                0x000000000000174c                memset
                0x000000000000181a                memcpy
                0x00000000000018a6                memmove
 *fill*         0x000000000000195e        0x2 4e714e71
 .text          0x0000000000001960      0x10c obj/gcc8_a_support.o
                0x0000000000001960                __mulsi3
                0x0000000000001982                __udivsi3
                0x00000000000019de                __divsi3
                0x0000000000001a08                __modsi3
                0x0000000000001a30                __umodsi3
                0x0000000000001a5a                KPutCharX
                0x0000000000001a68                PutChar
 *(.gnu.warning)

.fini
 *(SORT_NONE(.fini))
                [!provide]                        PROVIDE (__etext = .)
                [!provide]                        PROVIDE (_etext = .)
                [!provide]                        PROVIDE (etext = .)

.rodata         0x0000000000001a6c      0x183
 *(.rodata .rodata.* .gnu.linkonce.r.*)
 .rodata        0x0000000000001a6c      0x183 C:\Users\dirkm\AppData\Local\Temp\GameOfLife.elf.HpUIkk.ltrans0.ltrans.o

.rodata1
 *(.rodata1)

.eh_frame_hdr
 *(.eh_frame_hdr)
 *(.eh_frame_entry .eh_frame_entry.*)

.eh_frame
 *(.eh_frame)
 *(.eh_frame.*)

.gcc_except_table
 *(.gcc_except_table .gcc_except_table.*)

.gnu_extab
 *(.gnu_extab*)

.exception_ranges
 *(.exception_ranges*)
                0x0000000000003bef                . = DATA_SEGMENT_ALIGN (CONSTANT (MAXPAGESIZE), CONSTANT (COMMONPAGESIZE))

.eh_frame
 *(.eh_frame)
 *(.eh_frame.*)

.gnu_extab
 *(.gnu_extab)

.gcc_except_table
 *(.gcc_except_table .gcc_except_table.*)

.exception_ranges
 *(.exception_ranges*)

.tdata          0x0000000000003bef        0x0
                [!provide]                        PROVIDE (__tdata_start = .)
 *(.tdata .tdata.* .gnu.linkonce.td.*)

.tbss
 *(.tbss .tbss.* .gnu.linkonce.tb.*)
 *(.tcommon)

.preinit_array  0x0000000000003bef        0x0
                0x0000000000003bef                PROVIDE (__preinit_array_start = .)
 *(.preinit_array)
                0x0000000000003bef                PROVIDE (__preinit_array_end = .)

.init_array     0x0000000000003bef        0x0
                0x0000000000003bef                PROVIDE (__init_array_start = .)
 *(SORT_BY_INIT_PRIORITY(.init_array.*) SORT_BY_INIT_PRIORITY(.ctors.*))
 *(.init_array EXCLUDE_FILE(*crtend?.o *crtend.o *crtbegin?.o *crtbegin.o) .ctors)
                0x0000000000003bef                PROVIDE (__init_array_end = .)

.fini_array     0x0000000000003bef        0x0
                0x0000000000003bef                PROVIDE (__fini_array_start = .)
 *(SORT_BY_INIT_PRIORITY(.fini_array.*) SORT_BY_INIT_PRIORITY(.dtors.*))
 *(.fini_array EXCLUDE_FILE(*crtend?.o *crtend.o *crtbegin?.o *crtbegin.o) .dtors)
                0x0000000000003bef                PROVIDE (__fini_array_end = .)

.ctors
 *crtbegin.o(.ctors)
 *crtbegin?.o(.ctors)
 *(EXCLUDE_FILE(*crtend?.o *crtend.o) .ctors)
 *(SORT_BY_NAME(.ctors.*))
 *(.ctors)

.dtors
 *crtbegin.o(.dtors)
 *crtbegin?.o(.dtors)
 *(EXCLUDE_FILE(*crtend?.o *crtend.o) .dtors)
 *(SORT_BY_NAME(.dtors.*))
 *(.dtors)

.jcr
 *(.jcr)

.data.rel.ro
 *(.data.rel.ro.local* .gnu.linkonce.d.rel.ro.local.*)
 *(.data.rel.ro .data.rel.ro.* .gnu.linkonce.d.rel.ro.*)

.dynamic
 *(.dynamic)
                0x0000000000003bef                . = DATA_SEGMENT_RELRO_END (., 0x0)

.got
 *(.got.plt)
 *(.igot.plt)
 *(.got)
 *(.igot)

.data           0x0000000000003bf0      0x20c
 *(.data .data.* .gnu.linkonce.d.*)
 .data          0x0000000000003bf0      0x20a C:\Users\dirkm\AppData\Local\Temp\GameOfLife.elf.HpUIkk.ltrans0.ltrans.o
 *fill*         0x0000000000003dfa        0x2 
 .data          0x0000000000003dfc        0x0 obj/gcc8_a_support.o

.data1
 *(.data1)
                0x0000000000003dfc                _edata = .
                [!provide]                        PROVIDE (edata = .)
                0x0000000000003dfc                . = .
                0x0000000000003dfc                __bss_start = .

.bss            0x0000000000003dfc       0xbc
 *(.dynbss)
 *(.bss .bss.* .gnu.linkonce.b.*)
 .bss           0x0000000000003dfc       0xbc C:\Users\dirkm\AppData\Local\Temp\GameOfLife.elf.HpUIkk.ltrans0.ltrans.o
 .bss           0x0000000000003eb8        0x0 obj/gcc8_a_support.o
 *(COMMON)
                0x0000000000003eb8                . = ALIGN ((. != 0x0)?0x4:0x1)
                0x0000000000003eb8                . = ALIGN (0x4)
                0x0000000000003eb8                . = SEGMENT_START ("ldata-segment", .)
                0x0000000000003eb8                . = ALIGN (0x4)
                0x0000000000003eb8                _end = .
                [!provide]                        PROVIDE (end = .)
                0x0000000000003eb8                . = DATA_SEGMENT_END (.)

.stab
 *(.stab)

.stabstr
 *(.stabstr)

.stab.excl
 *(.stab.excl)

.stab.exclstr
 *(.stab.exclstr)

.stab.index
 *(.stab.index)

.stab.indexstr
 *(.stab.indexstr)

.comment        0x0000000000000000       0x12
 *(.comment)
 .comment       0x0000000000000000       0x12 C:\Users\dirkm\AppData\Local\Temp\GameOfLife.elf.HpUIkk.ltrans0.ltrans.o
                                         0x13 (size before relaxing)
 .comment       0x0000000000000012       0x13 C:\Users\dirkm\AppData\Local\Temp\ccx9XO6L.debug.temp.o
 .comment       0x0000000000000012       0x13 C:\Users\dirkm\AppData\Local\Temp\ccQFsHG2.debug.temp.o

.gnu.build.attributes
 *(.gnu.build.attributes .gnu.build.attributes.*)

.debug
 *(.debug)

.line
 *(.line)

.debug_srcinfo
 *(.debug_srcinfo)

.debug_sfnames
 *(.debug_sfnames)

.debug_aranges  0x0000000000000000       0x50
 *(.debug_aranges)
 .debug_aranges
                0x0000000000000000       0x30 C:\Users\dirkm\AppData\Local\Temp\GameOfLife.elf.HpUIkk.ltrans0.ltrans.o
 .debug_aranges
                0x0000000000000030       0x20 obj/gcc8_a_support.o

.debug_pubnames
 *(.debug_pubnames)

.debug_info     0x0000000000000000     0xb374
 *(.debug_info .gnu.linkonce.wi.*)
 .debug_info    0x0000000000000000     0x27f0 C:\Users\dirkm\AppData\Local\Temp\GameOfLife.elf.HpUIkk.ltrans0.ltrans.o
 .debug_info    0x00000000000027f0     0x82ba C:\Users\dirkm\AppData\Local\Temp\ccx9XO6L.debug.temp.o
                0x00000000000027f0                GameOfLife.c.dba487d7
 .debug_info    0x000000000000aaaa      0x8a4 C:\Users\dirkm\AppData\Local\Temp\ccQFsHG2.debug.temp.o
                0x000000000000aaaa                gcc8_c_support.c.f2f34916
 .debug_info    0x000000000000b34e       0x26 obj/gcc8_a_support.o

.debug_abbrev   0x0000000000000000      0x5b2
 *(.debug_abbrev)
 .debug_abbrev  0x0000000000000000      0x196 C:\Users\dirkm\AppData\Local\Temp\GameOfLife.elf.HpUIkk.ltrans0.ltrans.o
 .debug_abbrev  0x0000000000000196      0x2a2 C:\Users\dirkm\AppData\Local\Temp\ccx9XO6L.debug.temp.o
 .debug_abbrev  0x0000000000000438      0x166 C:\Users\dirkm\AppData\Local\Temp\ccQFsHG2.debug.temp.o
 .debug_abbrev  0x000000000000059e       0x14 obj/gcc8_a_support.o

.debug_line     0x0000000000000000     0x3bbd
 *(.debug_line .debug_line.* .debug_line_end)
 .debug_line    0x0000000000000000     0x32d5 C:\Users\dirkm\AppData\Local\Temp\GameOfLife.elf.HpUIkk.ltrans0.ltrans.o
 .debug_line    0x00000000000032d5      0x6ae C:\Users\dirkm\AppData\Local\Temp\ccx9XO6L.debug.temp.o
 .debug_line    0x0000000000003983      0x151 C:\Users\dirkm\AppData\Local\Temp\ccQFsHG2.debug.temp.o
 .debug_line    0x0000000000003ad4       0xe9 obj/gcc8_a_support.o

.debug_frame    0x0000000000000000      0x4b0
 *(.debug_frame)
 .debug_frame   0x0000000000000000      0x3ec C:\Users\dirkm\AppData\Local\Temp\GameOfLife.elf.HpUIkk.ltrans0.ltrans.o
 .debug_frame   0x00000000000003ec       0xc4 obj/gcc8_a_support.o

.debug_str      0x0000000000000000      0x5fd
 *(.debug_str)
 .debug_str     0x0000000000000000        0x9 C:\Users\dirkm\AppData\Local\Temp\GameOfLife.elf.HpUIkk.ltrans0.ltrans.o
 .debug_str     0x0000000000000009      0x512 C:\Users\dirkm\AppData\Local\Temp\ccx9XO6L.debug.temp.o
 .debug_str     0x000000000000051b       0x5c C:\Users\dirkm\AppData\Local\Temp\ccQFsHG2.debug.temp.o
 .debug_str     0x0000000000000577       0x86 obj/gcc8_a_support.o

.debug_loc      0x0000000000000000     0x3032
 *(.debug_loc)
 .debug_loc     0x0000000000000000     0x3032 C:\Users\dirkm\AppData\Local\Temp\GameOfLife.elf.HpUIkk.ltrans0.ltrans.o

.debug_macinfo
 *(.debug_macinfo)

.debug_weaknames
 *(.debug_weaknames)

.debug_funcnames
 *(.debug_funcnames)

.debug_typenames
 *(.debug_typenames)

.debug_varnames
 *(.debug_varnames)

.debug_pubtypes
 *(.debug_pubtypes)

.debug_ranges   0x0000000000000000      0x690
 *(.debug_ranges)
 .debug_ranges  0x0000000000000000      0x690 C:\Users\dirkm\AppData\Local\Temp\GameOfLife.elf.HpUIkk.ltrans0.ltrans.o

.debug_macro
 *(.debug_macro)

.debug_addr
 *(.debug_addr)

.gnu.attributes
 *(.gnu.attributes)

/DISCARD/
 *(.note.GNU-stack)
 *(.gnu_debuglink)
 *(.gnu.lto_*)
OUTPUT(bin/GameOfLife.elf elf32-m68k)
