
Memory Configuration

Name             Origin             Length             Attributes
*default*        0x0000000000000000 0xffffffffffffffff

Linker script and memory map

Address of section .text set to 0x0
LOAD C:\Users\dirkm\AppData\Local\Temp\GameOfLife.elf.rM7FwI.ltrans0.ltrans.o
LOAD C:\Users\dirkm\AppData\Local\Temp\cchuRIZV.debug.temp.o
LOAD C:\Users\dirkm\AppData\Local\Temp\ccmOAY3z.debug.temp.o
LOAD obj/gcc8_a_support.o
                [!provide]                        PROVIDE (__executable_start = SEGMENT_START ("text-segment", 0x80000000))
                0x0000000080000074                . = (SEGMENT_START ("text-segment", 0x80000000) + SIZEOF_HEADERS)

.interp
 *(.interp)

.note.gnu.build-id
 *(.note.gnu.build-id)

.hash
 *(.hash)

.gnu.hash
 *(.gnu.hash)

.dynsym
 *(.dynsym)

.dynstr
 *(.dynstr)

.gnu.version
 *(.gnu.version)

.gnu.version_d
 *(.gnu.version_d)

.gnu.version_r
 *(.gnu.version_r)

.rela.dyn       0x0000000080000074        0x0
 *(.rela.init)
 *(.rela.text .rela.text.* .rela.gnu.linkonce.t.*)
 *(.rela.fini)
 *(.rela.rodata .rela.rodata.* .rela.gnu.linkonce.r.*)
 *(.rela.data .rela.data.* .rela.gnu.linkonce.d.*)
 *(.rela.tdata .rela.tdata.* .rela.gnu.linkonce.td.*)
 *(.rela.tbss .rela.tbss.* .rela.gnu.linkonce.tb.*)
 *(.rela.ctors)
 *(.rela.dtors)
 *(.rela.got)
 *(.rela.bss .rela.bss.* .rela.gnu.linkonce.b.*)
                [!provide]                        PROVIDE (__rela_iplt_start = .)
 *(.rela.iplt)
                [!provide]                        PROVIDE (__rela_iplt_end = .)

.rela.plt
 *(.rela.plt)

.init
 *(SORT_NONE(.init))

.plt
 *(.plt)

.iplt
 *(.iplt)

.text           0x0000000000000000     0x2338
 *(.text.unlikely .text.*_unlikely .text.unlikely.*)
 .text.unlikely
                0x0000000000000000       0x74 C:\Users\dirkm\AppData\Local\Temp\GameOfLife.elf.rM7FwI.ltrans0.ltrans.o
                0x0000000000000000                _start
 *(.text.exit .text.exit.*)
 *(.text.startup .text.startup.*)
 .text.startup  0x0000000000000074      0xf22 C:\Users\dirkm\AppData\Local\Temp\GameOfLife.elf.rM7FwI.ltrans0.ltrans.o
                0x0000000000000074                main
 *(.text.hot .text.hot.*)
 *(SORT_BY_NAME(.text.sorted.*))
 *(.text .stub .text.* .gnu.linkonce.t.*)
 *fill*         0x0000000000000f96        0x2 4e714e71
 .text          0x0000000000000f98     0x1294 C:\Users\dirkm\AppData\Local\Temp\GameOfLife.elf.rM7FwI.ltrans0.ltrans.o
                0x0000000000002006                strlen
                0x000000000000201a                memset
                0x00000000000020e8                memcpy
                0x0000000000002174                memmove
 .text          0x000000000000222c      0x10c obj/gcc8_a_support.o
                0x000000000000222c                __mulsi3
                0x000000000000224e                __udivsi3
                0x00000000000022aa                __divsi3
                0x00000000000022d4                __modsi3
                0x00000000000022fc                __umodsi3
                0x0000000000002326                KPutCharX
                0x0000000000002334                PutChar
 *(.gnu.warning)

.fini
 *(SORT_NONE(.fini))
                [!provide]                        PROVIDE (__etext = .)
                [!provide]                        PROVIDE (_etext = .)
                [!provide]                        PROVIDE (etext = .)

.rodata         0x0000000000002338      0x1b8
 *(.rodata .rodata.* .gnu.linkonce.r.*)
 .rodata        0x0000000000002338      0x1b8 C:\Users\dirkm\AppData\Local\Temp\GameOfLife.elf.rM7FwI.ltrans0.ltrans.o

.rodata1
 *(.rodata1)

.eh_frame_hdr
 *(.eh_frame_hdr)
 *(.eh_frame_entry .eh_frame_entry.*)

.eh_frame
 *(.eh_frame)
 *(.eh_frame.*)

.gcc_except_table
 *(.gcc_except_table .gcc_except_table.*)

.gnu_extab
 *(.gnu_extab*)

.exception_ranges
 *(.exception_ranges*)
                0x00000000000044f0                . = DATA_SEGMENT_ALIGN (CONSTANT (MAXPAGESIZE), CONSTANT (COMMONPAGESIZE))

.eh_frame
 *(.eh_frame)
 *(.eh_frame.*)

.gnu_extab
 *(.gnu_extab)

.gcc_except_table
 *(.gcc_except_table .gcc_except_table.*)

.exception_ranges
 *(.exception_ranges*)

.tdata          0x00000000000044f0        0x0
                [!provide]                        PROVIDE (__tdata_start = .)
 *(.tdata .tdata.* .gnu.linkonce.td.*)

.tbss
 *(.tbss .tbss.* .gnu.linkonce.tb.*)
 *(.tcommon)

.preinit_array  0x00000000000044f0        0x0
                0x00000000000044f0                PROVIDE (__preinit_array_start = .)
 *(.preinit_array)
                0x00000000000044f0                PROVIDE (__preinit_array_end = .)

.init_array     0x00000000000044f0        0x0
                0x00000000000044f0                PROVIDE (__init_array_start = .)
 *(SORT_BY_INIT_PRIORITY(.init_array.*) SORT_BY_INIT_PRIORITY(.ctors.*))
 *(.init_array EXCLUDE_FILE(*crtend?.o *crtend.o *crtbegin?.o *crtbegin.o) .ctors)
                0x00000000000044f0                PROVIDE (__init_array_end = .)

.fini_array     0x00000000000044f0        0x0
                0x00000000000044f0                PROVIDE (__fini_array_start = .)
 *(SORT_BY_INIT_PRIORITY(.fini_array.*) SORT_BY_INIT_PRIORITY(.dtors.*))
 *(.fini_array EXCLUDE_FILE(*crtend?.o *crtend.o *crtbegin?.o *crtbegin.o) .dtors)
                0x00000000000044f0                PROVIDE (__fini_array_end = .)

.ctors
 *crtbegin.o(.ctors)
 *crtbegin?.o(.ctors)
 *(EXCLUDE_FILE(*crtend?.o *crtend.o) .ctors)
 *(SORT_BY_NAME(.ctors.*))
 *(.ctors)

.dtors
 *crtbegin.o(.dtors)
 *crtbegin?.o(.dtors)
 *(EXCLUDE_FILE(*crtend?.o *crtend.o) .dtors)
 *(SORT_BY_NAME(.dtors.*))
 *(.dtors)

.jcr
 *(.jcr)

.data.rel.ro
 *(.data.rel.ro.local* .gnu.linkonce.d.rel.ro.local.*)
 *(.data.rel.ro .data.rel.ro.* .gnu.linkonce.d.rel.ro.*)

.dynamic
 *(.dynamic)
                0x00000000000044f0                . = DATA_SEGMENT_RELRO_END (., 0x0)

.got
 *(.got.plt)
 *(.igot.plt)
 *(.got)
 *(.igot)

.data           0x00000000000044f0      0x22c
 *(.data .data.* .gnu.linkonce.d.*)
 .data          0x00000000000044f0      0x22a C:\Users\dirkm\AppData\Local\Temp\GameOfLife.elf.rM7FwI.ltrans0.ltrans.o
 *fill*         0x000000000000471a        0x2 
 .data          0x000000000000471c        0x0 obj/gcc8_a_support.o

.data1
 *(.data1)
                0x000000000000471c                _edata = .
                [!provide]                        PROVIDE (edata = .)
                0x000000000000471c                . = .
                0x000000000000471c                __bss_start = .

.bss            0x000000000000471c       0xec
 *(.dynbss)
 *(.bss .bss.* .gnu.linkonce.b.*)
 .bss           0x000000000000471c       0xec C:\Users\dirkm\AppData\Local\Temp\GameOfLife.elf.rM7FwI.ltrans0.ltrans.o
 .bss           0x0000000000004808        0x0 obj/gcc8_a_support.o
 *(COMMON)
                0x0000000000004808                . = ALIGN ((. != 0x0)?0x4:0x1)
                0x0000000000004808                . = ALIGN (0x4)
                0x0000000000004808                . = SEGMENT_START ("ldata-segment", .)
                0x0000000000004808                . = ALIGN (0x4)
                0x0000000000004808                _end = .
                [!provide]                        PROVIDE (end = .)
                0x0000000000004808                . = DATA_SEGMENT_END (.)

.stab
 *(.stab)

.stabstr
 *(.stabstr)

.stab.excl
 *(.stab.excl)

.stab.exclstr
 *(.stab.exclstr)

.stab.index
 *(.stab.index)

.stab.indexstr
 *(.stab.indexstr)

.comment        0x0000000000000000       0x12
 *(.comment)
 .comment       0x0000000000000000       0x12 C:\Users\dirkm\AppData\Local\Temp\GameOfLife.elf.rM7FwI.ltrans0.ltrans.o
                                         0x13 (size before relaxing)
 .comment       0x0000000000000012       0x13 C:\Users\dirkm\AppData\Local\Temp\cchuRIZV.debug.temp.o
 .comment       0x0000000000000012       0x13 C:\Users\dirkm\AppData\Local\Temp\ccmOAY3z.debug.temp.o

.gnu.build.attributes
 *(.gnu.build.attributes .gnu.build.attributes.*)

.debug
 *(.debug)

.line
 *(.line)

.debug_srcinfo
 *(.debug_srcinfo)

.debug_sfnames
 *(.debug_sfnames)

.debug_aranges  0x0000000000000000       0x50
 *(.debug_aranges)
 .debug_aranges
                0x0000000000000000       0x30 C:\Users\dirkm\AppData\Local\Temp\GameOfLife.elf.rM7FwI.ltrans0.ltrans.o
 .debug_aranges
                0x0000000000000030       0x20 obj/gcc8_a_support.o

.debug_pubnames
 *(.debug_pubnames)

.debug_info     0x0000000000000000     0xccce
 *(.debug_info .gnu.linkonce.wi.*)
 .debug_info    0x0000000000000000     0x31f7 C:\Users\dirkm\AppData\Local\Temp\GameOfLife.elf.rM7FwI.ltrans0.ltrans.o
 .debug_info    0x00000000000031f7     0x920d C:\Users\dirkm\AppData\Local\Temp\cchuRIZV.debug.temp.o
                0x00000000000031f7                GameOfLife.c.f4383be0
 .debug_info    0x000000000000c404      0x8a4 C:\Users\dirkm\AppData\Local\Temp\ccmOAY3z.debug.temp.o
                0x000000000000c404                gcc8_c_support.c.f2f34916
 .debug_info    0x000000000000cca8       0x26 obj/gcc8_a_support.o

.debug_abbrev   0x0000000000000000      0x5bb
 *(.debug_abbrev)
 .debug_abbrev  0x0000000000000000      0x19f C:\Users\dirkm\AppData\Local\Temp\GameOfLife.elf.rM7FwI.ltrans0.ltrans.o
 .debug_abbrev  0x000000000000019f      0x2a2 C:\Users\dirkm\AppData\Local\Temp\cchuRIZV.debug.temp.o
 .debug_abbrev  0x0000000000000441      0x166 C:\Users\dirkm\AppData\Local\Temp\ccmOAY3z.debug.temp.o
 .debug_abbrev  0x00000000000005a7       0x14 obj/gcc8_a_support.o

.debug_line     0x0000000000000000     0x3d84
 *(.debug_line .debug_line.* .debug_line_end)
 .debug_line    0x0000000000000000     0x3480 C:\Users\dirkm\AppData\Local\Temp\GameOfLife.elf.rM7FwI.ltrans0.ltrans.o
 .debug_line    0x0000000000003480      0x6ca C:\Users\dirkm\AppData\Local\Temp\cchuRIZV.debug.temp.o
 .debug_line    0x0000000000003b4a      0x151 C:\Users\dirkm\AppData\Local\Temp\ccmOAY3z.debug.temp.o
 .debug_line    0x0000000000003c9b       0xe9 obj/gcc8_a_support.o

.debug_frame    0x0000000000000000      0x4dc
 *(.debug_frame)
 .debug_frame   0x0000000000000000      0x418 C:\Users\dirkm\AppData\Local\Temp\GameOfLife.elf.rM7FwI.ltrans0.ltrans.o
 .debug_frame   0x0000000000000418       0xc4 obj/gcc8_a_support.o

.debug_str      0x0000000000000000      0x6e5
 *(.debug_str)
 .debug_str     0x0000000000000000        0x9 C:\Users\dirkm\AppData\Local\Temp\GameOfLife.elf.rM7FwI.ltrans0.ltrans.o
 .debug_str     0x0000000000000009      0x5fa C:\Users\dirkm\AppData\Local\Temp\cchuRIZV.debug.temp.o
 .debug_str     0x0000000000000603       0x5c C:\Users\dirkm\AppData\Local\Temp\ccmOAY3z.debug.temp.o
 .debug_str     0x000000000000065f       0x86 obj/gcc8_a_support.o

.debug_loc      0x0000000000000000     0x31b6
 *(.debug_loc)
 .debug_loc     0x0000000000000000     0x31b6 C:\Users\dirkm\AppData\Local\Temp\GameOfLife.elf.rM7FwI.ltrans0.ltrans.o

.debug_macinfo
 *(.debug_macinfo)

.debug_weaknames
 *(.debug_weaknames)

.debug_funcnames
 *(.debug_funcnames)

.debug_typenames
 *(.debug_typenames)

.debug_varnames
 *(.debug_varnames)

.debug_pubtypes
 *(.debug_pubtypes)

.debug_ranges   0x0000000000000000      0x6d8
 *(.debug_ranges)
 .debug_ranges  0x0000000000000000      0x6d8 C:\Users\dirkm\AppData\Local\Temp\GameOfLife.elf.rM7FwI.ltrans0.ltrans.o

.debug_macro
 *(.debug_macro)

.debug_addr
 *(.debug_addr)

.gnu.attributes
 *(.gnu.attributes)

/DISCARD/
 *(.note.GNU-stack)
 *(.gnu_debuglink)
 *(.gnu.lto_*)
OUTPUT(bin/GameOfLife.elf elf32-m68k)
