
Memory Configuration

Name             Origin             Length             Attributes
*default*        0x0000000000000000 0xffffffffffffffff

Linker script and memory map

Address of section .text set to 0x0
LOAD C:\Users\dirkm\AppData\Local\Temp\a.mingw.elf.BUgdhQ.ltrans0.ltrans.o
LOAD C:\Users\dirkm\AppData\Local\Temp\ccv4engh.debug.temp.o
LOAD C:\Users\dirkm\AppData\Local\Temp\ccUpJO60.debug.temp.o
LOAD obj/gcc8_a_support.o
                [!provide]                        PROVIDE (__executable_start = SEGMENT_START ("text-segment", 0x80000000))
                0x0000000080000074                . = (SEGMENT_START ("text-segment", 0x80000000) + SIZEOF_HEADERS)

.interp
 *(.interp)

.note.gnu.build-id
 *(.note.gnu.build-id)

.hash
 *(.hash)

.gnu.hash
 *(.gnu.hash)

.dynsym
 *(.dynsym)

.dynstr
 *(.dynstr)

.gnu.version
 *(.gnu.version)

.gnu.version_d
 *(.gnu.version_d)

.gnu.version_r
 *(.gnu.version_r)

.rela.dyn       0x0000000080000074        0x0
 *(.rela.init)
 *(.rela.text .rela.text.* .rela.gnu.linkonce.t.*)
 *(.rela.fini)
 *(.rela.rodata .rela.rodata.* .rela.gnu.linkonce.r.*)
 *(.rela.data .rela.data.* .rela.gnu.linkonce.d.*)
 *(.rela.tdata .rela.tdata.* .rela.gnu.linkonce.td.*)
 *(.rela.tbss .rela.tbss.* .rela.gnu.linkonce.tb.*)
 *(.rela.ctors)
 *(.rela.dtors)
 *(.rela.got)
 *(.rela.bss .rela.bss.* .rela.gnu.linkonce.b.*)
                [!provide]                        PROVIDE (__rela_iplt_start = .)
 *(.rela.iplt)
                [!provide]                        PROVIDE (__rela_iplt_end = .)

.rela.plt
 *(.rela.plt)

.init
 *(SORT_NONE(.init))

.plt
 *(.plt)

.iplt
 *(.iplt)

.text           0x0000000000000000     0x128c
 *(.text.unlikely .text.*_unlikely .text.unlikely.*)
 .text.unlikely
                0x0000000000000000       0x74 C:\Users\dirkm\AppData\Local\Temp\a.mingw.elf.BUgdhQ.ltrans0.ltrans.o
                0x0000000000000000                _start
 *(.text.exit .text.exit.*)
 *(.text.startup .text.startup.*)
 .text.startup  0x0000000000000074      0xd7a C:\Users\dirkm\AppData\Local\Temp\a.mingw.elf.BUgdhQ.ltrans0.ltrans.o
                0x0000000000000074                main
 *(.text.hot .text.hot.*)
 *(SORT_BY_NAME(.text.sorted.*))
 *(.text .stub .text.* .gnu.linkonce.t.*)
 *fill*         0x0000000000000dee        0x2 4e714e71
 .text          0x0000000000000df0      0x390 C:\Users\dirkm\AppData\Local\Temp\a.mingw.elf.BUgdhQ.ltrans0.ltrans.o
                0x0000000000000f5a                strlen
                0x0000000000000f6e                memset
                0x000000000000103c                memcpy
                0x00000000000010c8                memmove
 .text          0x0000000000001180      0x10c obj/gcc8_a_support.o
                0x0000000000001180                __mulsi3
                0x00000000000011a2                __udivsi3
                0x00000000000011fe                __divsi3
                0x0000000000001228                __modsi3
                0x0000000000001250                __umodsi3
                0x000000000000127a                KPutCharX
                0x0000000000001288                PutChar
 *(.gnu.warning)

.fini
 *(SORT_NONE(.fini))
                [!provide]                        PROVIDE (__etext = .)
                [!provide]                        PROVIDE (_etext = .)
                [!provide]                        PROVIDE (etext = .)

.rodata         0x000000000000128c       0xe9
 *(.rodata .rodata.* .gnu.linkonce.r.*)
 .rodata        0x000000000000128c       0xe9 C:\Users\dirkm\AppData\Local\Temp\a.mingw.elf.BUgdhQ.ltrans0.ltrans.o

.rodata1
 *(.rodata1)

.eh_frame_hdr
 *(.eh_frame_hdr)
 *(.eh_frame_entry .eh_frame_entry.*)

.eh_frame
 *(.eh_frame)
 *(.eh_frame.*)

.gcc_except_table
 *(.gcc_except_table .gcc_except_table.*)

.gnu_extab
 *(.gnu_extab*)

.exception_ranges
 *(.exception_ranges*)
                0x0000000000003375                . = DATA_SEGMENT_ALIGN (CONSTANT (MAXPAGESIZE), CONSTANT (COMMONPAGESIZE))

.eh_frame
 *(.eh_frame)
 *(.eh_frame.*)

.gnu_extab
 *(.gnu_extab)

.gcc_except_table
 *(.gcc_except_table .gcc_except_table.*)

.exception_ranges
 *(.exception_ranges*)

.tdata          0x0000000000003375        0x0
                [!provide]                        PROVIDE (__tdata_start = .)
 *(.tdata .tdata.* .gnu.linkonce.td.*)

.tbss
 *(.tbss .tbss.* .gnu.linkonce.tb.*)
 *(.tcommon)

.preinit_array  0x0000000000003375        0x0
                0x0000000000003375                PROVIDE (__preinit_array_start = .)
 *(.preinit_array)
                0x0000000000003375                PROVIDE (__preinit_array_end = .)

.init_array     0x0000000000003375        0x0
                0x0000000000003375                PROVIDE (__init_array_start = .)
 *(SORT_BY_INIT_PRIORITY(.init_array.*) SORT_BY_INIT_PRIORITY(.ctors.*))
 *(.init_array EXCLUDE_FILE(*crtend?.o *crtend.o *crtbegin?.o *crtbegin.o) .ctors)
                0x0000000000003375                PROVIDE (__init_array_end = .)

.fini_array     0x0000000000003375        0x0
                0x0000000000003375                PROVIDE (__fini_array_start = .)
 *(SORT_BY_INIT_PRIORITY(.fini_array.*) SORT_BY_INIT_PRIORITY(.dtors.*))
 *(.fini_array EXCLUDE_FILE(*crtend?.o *crtend.o *crtbegin?.o *crtbegin.o) .dtors)
                0x0000000000003375                PROVIDE (__fini_array_end = .)

.ctors
 *crtbegin.o(.ctors)
 *crtbegin?.o(.ctors)
 *(EXCLUDE_FILE(*crtend?.o *crtend.o) .ctors)
 *(SORT_BY_NAME(.ctors.*))
 *(.ctors)

.dtors
 *crtbegin.o(.dtors)
 *crtbegin?.o(.dtors)
 *(EXCLUDE_FILE(*crtend?.o *crtend.o) .dtors)
 *(SORT_BY_NAME(.dtors.*))
 *(.dtors)

.jcr
 *(.jcr)

.data.rel.ro
 *(.data.rel.ro.local* .gnu.linkonce.d.rel.ro.local.*)
 *(.data.rel.ro .data.rel.ro.* .gnu.linkonce.d.rel.ro.*)

.dynamic
 *(.dynamic)
                0x0000000000003375                . = DATA_SEGMENT_RELRO_END (., 0x0)

.got
 *(.got.plt)
 *(.igot.plt)
 *(.got)
 *(.igot)

.data           0x0000000000003378      0x16c
 *(.data .data.* .gnu.linkonce.d.*)
 .data          0x0000000000003378      0x16a C:\Users\dirkm\AppData\Local\Temp\a.mingw.elf.BUgdhQ.ltrans0.ltrans.o
 *fill*         0x00000000000034e2        0x2 
 .data          0x00000000000034e4        0x0 obj/gcc8_a_support.o

.data1
 *(.data1)
                0x00000000000034e4                _edata = .
                [!provide]                        PROVIDE (edata = .)
                0x00000000000034e4                . = .
                0x00000000000034e4                __bss_start = .

.bss            0x00000000000034e4       0x34
 *(.dynbss)
 *(.bss .bss.* .gnu.linkonce.b.*)
 .bss           0x00000000000034e4       0x34 C:\Users\dirkm\AppData\Local\Temp\a.mingw.elf.BUgdhQ.ltrans0.ltrans.o
 .bss           0x0000000000003518        0x0 obj/gcc8_a_support.o
 *(COMMON)
                0x0000000000003518                . = ALIGN ((. != 0x0)?0x4:0x1)
                0x0000000000003518                . = ALIGN (0x4)
                0x0000000000003518                . = SEGMENT_START ("ldata-segment", .)
                0x0000000000003518                . = ALIGN (0x4)
                0x0000000000003518                _end = .
                [!provide]                        PROVIDE (end = .)
                0x0000000000003518                . = DATA_SEGMENT_END (.)

.stab
 *(.stab)

.stabstr
 *(.stabstr)

.stab.excl
 *(.stab.excl)

.stab.exclstr
 *(.stab.exclstr)

.stab.index
 *(.stab.index)

.stab.indexstr
 *(.stab.indexstr)

.comment        0x0000000000000000       0x12
 *(.comment)
 .comment       0x0000000000000000       0x12 C:\Users\dirkm\AppData\Local\Temp\a.mingw.elf.BUgdhQ.ltrans0.ltrans.o
                                         0x13 (size before relaxing)
 .comment       0x0000000000000012       0x13 C:\Users\dirkm\AppData\Local\Temp\ccv4engh.debug.temp.o
 .comment       0x0000000000000012       0x13 C:\Users\dirkm\AppData\Local\Temp\ccUpJO60.debug.temp.o

.gnu.build.attributes
 *(.gnu.build.attributes .gnu.build.attributes.*)

.debug
 *(.debug)

.line
 *(.line)

.debug_srcinfo
 *(.debug_srcinfo)

.debug_sfnames
 *(.debug_sfnames)

.debug_aranges  0x0000000000000000       0x50
 *(.debug_aranges)
 .debug_aranges
                0x0000000000000000       0x30 C:\Users\dirkm\AppData\Local\Temp\a.mingw.elf.BUgdhQ.ltrans0.ltrans.o
 .debug_aranges
                0x0000000000000030       0x20 obj/gcc8_a_support.o

.debug_pubnames
 *(.debug_pubnames)

.debug_info     0x0000000000000000     0x860d
 *(.debug_info .gnu.linkonce.wi.*)
 .debug_info    0x0000000000000000     0x1382 C:\Users\dirkm\AppData\Local\Temp\a.mingw.elf.BUgdhQ.ltrans0.ltrans.o
 .debug_info    0x0000000000001382     0x69c1 C:\Users\dirkm\AppData\Local\Temp\ccv4engh.debug.temp.o
                0x0000000000001382                GameOfLife.c.d702c630
 .debug_info    0x0000000000007d43      0x8a4 C:\Users\dirkm\AppData\Local\Temp\ccUpJO60.debug.temp.o
                0x0000000000007d43                gcc8_c_support.c.f2f34916
 .debug_info    0x00000000000085e7       0x26 obj/gcc8_a_support.o

.debug_abbrev   0x0000000000000000      0x53b
 *(.debug_abbrev)
 .debug_abbrev  0x0000000000000000      0x12f C:\Users\dirkm\AppData\Local\Temp\a.mingw.elf.BUgdhQ.ltrans0.ltrans.o
 .debug_abbrev  0x000000000000012f      0x292 C:\Users\dirkm\AppData\Local\Temp\ccv4engh.debug.temp.o
 .debug_abbrev  0x00000000000003c1      0x166 C:\Users\dirkm\AppData\Local\Temp\ccUpJO60.debug.temp.o
 .debug_abbrev  0x0000000000000527       0x14 obj/gcc8_a_support.o

.debug_line     0x0000000000000000     0x3be1
 *(.debug_line .debug_line.* .debug_line_end)
 .debug_line    0x0000000000000000     0x331e C:\Users\dirkm\AppData\Local\Temp\a.mingw.elf.BUgdhQ.ltrans0.ltrans.o
 .debug_line    0x000000000000331e      0x689 C:\Users\dirkm\AppData\Local\Temp\ccv4engh.debug.temp.o
 .debug_line    0x00000000000039a7      0x151 C:\Users\dirkm\AppData\Local\Temp\ccUpJO60.debug.temp.o
 .debug_line    0x0000000000003af8       0xe9 obj/gcc8_a_support.o

.debug_frame    0x0000000000000000      0x2e8
 *(.debug_frame)
 .debug_frame   0x0000000000000000      0x224 C:\Users\dirkm\AppData\Local\Temp\a.mingw.elf.BUgdhQ.ltrans0.ltrans.o
 .debug_frame   0x0000000000000224       0xc4 obj/gcc8_a_support.o

.debug_str      0x0000000000000000      0x3e0
 *(.debug_str)
 .debug_str     0x0000000000000000        0x9 C:\Users\dirkm\AppData\Local\Temp\a.mingw.elf.BUgdhQ.ltrans0.ltrans.o
 .debug_str     0x0000000000000009      0x2f5 C:\Users\dirkm\AppData\Local\Temp\ccv4engh.debug.temp.o
 .debug_str     0x00000000000002fe       0x5c C:\Users\dirkm\AppData\Local\Temp\ccUpJO60.debug.temp.o
 .debug_str     0x000000000000035a       0x86 obj/gcc8_a_support.o

.debug_loc      0x0000000000000000     0x1962
 *(.debug_loc)
 .debug_loc     0x0000000000000000     0x1962 C:\Users\dirkm\AppData\Local\Temp\a.mingw.elf.BUgdhQ.ltrans0.ltrans.o

.debug_macinfo
 *(.debug_macinfo)

.debug_weaknames
 *(.debug_weaknames)

.debug_funcnames
 *(.debug_funcnames)

.debug_typenames
 *(.debug_typenames)

.debug_varnames
 *(.debug_varnames)

.debug_pubtypes
 *(.debug_pubtypes)

.debug_ranges   0x0000000000000000      0x3e8
 *(.debug_ranges)
 .debug_ranges  0x0000000000000000      0x3e8 C:\Users\dirkm\AppData\Local\Temp\a.mingw.elf.BUgdhQ.ltrans0.ltrans.o

.debug_macro
 *(.debug_macro)

.debug_addr
 *(.debug_addr)

.gnu.attributes
 *(.gnu.attributes)

/DISCARD/
 *(.note.GNU-stack)
 *(.gnu_debuglink)
 *(.gnu.lto_*)
OUTPUT(a.mingw.elf elf32-m68k)
